Failed to scrape sku:PP0H0A045: Could not open product card for PP0H0A045
Failed to scrape sku:PP0H0A048: Could not open product card for PP0H0A048
Failed to scrape sku:PP0H0A103: Could not open product card for PP0H0A103
Failed to scrape sku:PP0H0A051: Could not open product card for PP0H0A051
Failed to scrape sku:PP0H0A101: Could not open product card for PP0H0A101
Failed to scrape sku:PP0H0A104: Could not open product card for PP0H0A104
Failed to scrape sku:PP0H0A042: Could not open product card for PP0H0A042
Failed to scrape sku:PP0H0A0063: Could not open product card for PP0H0A0063
Failed to scrape sku:PP2J00002C: Could not open product card for PP2J00002C
Failed to scrape sku:PP2J00003C: Could not open product card for PP2J00003C
Failed to scrape sku:PP2J00003B: Could not open product card for PP2J00003B
Failed to scrape sku:PP2J00006C: Could not open product card for PP2J00006C
Critical error in scrape_profuomo: Could not locate Profuomo login form fields
Critical error in scrape_profuomo: Could not locate Profuomo login form fields
Critical error in scrape_profuomo: Could not locate Profuomo login form fields
Critical error in scrape_profuomo: Could not locate Profuomo login form fields
Critical error in scrape_profuomo: Could not locate Profuomo login form fields
Failed to scrape sku:PP2V00003A: Could not open product card for PP2V00003A
Failed to scrape sku:PP5BA0005A: Could not open product card for PP5BA0005A
Failed to scrape sku:PP5BA0005B: Could not open product card for PP5BA0005B
Failed to scrape sku:PP1L00001C: Could not open product card for PP1L00001C
Failed to scrape sku:PP1R000140: Could not open product card for PP1R000140
Failed to scrape sku:PP1R000141: Could not open product card for PP1R000141
Failed to scrape sku:PP1R100001: Could not open product card for PP1R100001
Failed to scrape sku:PP0H0A045: Could not open product card for PP0H0A045
Failed to scrape sku:PP0H0A048: Could not open product card for PP0H0A048
Failed to scrape sku:PP0H0A103: Could not open product card for PP0H0A103
Failed to scrape sku:PP0H0A051: Could not open product card for PP0H0A051
Failed to scrape sku:PP0H0A101: Could not open product card for PP0H0A101
Failed to scrape sku:PP0H0A104: Could not open product card for PP0H0A104
Failed to scrape sku:PP0H0A042: Could not open product card for PP0H0A042
Failed to scrape sku:PP0H0A049: Could not open product card for PP0H0A049
Failed to scrape sku:PP0H0A0063: Could not open product card for PP0H0A0063
Failed to scrape sku:PP2J00003C: Could not open product card for PP2J00003C
Failed to scrape sku:PP2J00003B: Could not open product card for PP2J00003B
Failed to scrape sku:PP2J00006C: Could not open product card for PP2J00006C
Failed to scrape sku:PP2V00003A: Could not open product card for PP2V00003A
Failed to scrape sku:PP5BA0005A: Could not open product card for PP5BA0005A
Failed to scrape sku:PP5BA0005B: Could not open product card for PP5BA0005B
Failed to scrape sku:PP1L00001C: Could not open product card for PP1L00001C
Failed to scrape sku:PP1R000140: Could not open product card for PP1R000140
Failed to scrape sku:PP1R000141: Could not open product card for PP1R000141
Failed to scrape sku:PP1R100001: Could not open product card for PP1R100001
Failed to scrape sku:PP0H0A045: Could not open product card for PP0H0A045
Failed to scrape sku:PP0H0A048: Could not open product card for PP0H0A048
Failed to scrape sku:PP0H0A103: Could not open product card for PP0H0A103
Failed to scrape sku:PP0H0A051: Could not open product card for PP0H0A051
Failed to scrape sku:PP0H0A101: Could not open product card for PP0H0A101
Failed to scrape sku:PP0H0A104: Could not open product card for PP0H0A104
Failed to scrape sku:PP0H0A042: Could not open product card for PP0H0A042
Failed to scrape sku:PP0H0A049: Could not open product card for PP0H0A049
Failed to scrape sku:PP0H0A0063: Could not open product card for PP0H0A0063
Failed to scrape sku:PP2J00003C: Could not open product card for PP2J00003C
Failed to scrape sku:PP2J00003B: Could not open product card for PP2J00003B
Failed to scrape sku:PP2J00006C: Could not open product card for PP2J00006C
Failed to scrape sku:PP2V00003A: Could not open product card for PP2V00003A
Failed to scrape sku:PP5BA0005A: Could not open product card for PP5BA0005A
Failed to scrape sku:PP5BA0005B: Could not open product card for PP5BA0005B
Failed to scrape sku:PP1L00001C: Could not open product card for PP1L00001C
Failed to scrape sku:PP1R000140: Could not open product card for PP1R000140
Failed to scrape sku:PP1R000141: Could not open product card for PP1R000141
Failed to scrape sku:PP1R100001: Could not open product card for PP1R100001
Failed to scrape sku:PP0H0A045: Could not open product card for PP0H0A045
Failed to scrape sku:PP0H0A048: Could not open product card for PP0H0A048
Failed to scrape sku:PP0H0A103: Could not open product card for PP0H0A103
Failed to scrape sku:PP0H0A051: Could not open product card for PP0H0A051
Failed to scrape sku:PP0H0A101: Could not open product card for PP0H0A101
Failed to scrape sku:PP0H0A104: Could not open product card for PP0H0A104
Failed to scrape sku:PP0H0A042: Could not open product card for PP0H0A042
Failed to scrape sku:PP0H0A049: Could not open product card for PP0H0A049
Failed to scrape sku:PP0H0A0063: Could not open product card for PP0H0A0063
Failed to scrape sku:PP2J00003C: Could not open product card for PP2J00003C
Failed to scrape sku:PP2J00003B: Could not open product card for PP2J00003B
Failed to scrape sku:PP2J00006C: Could not open product card for PP2J00006C
Failed to scrape sku:PP2V00003A: Could not open product card for PP2V00003A
Failed to scrape sku:PP5BA0005A: Could not open product card for PP5BA0005A
Failed to scrape sku:PP5BA0005B: Could not open product card for PP5BA0005B
Failed to scrape sku:PP1L00001C: Could not open product card for PP1L00001C
Failed to scrape sku:PP1R000140: Could not open product card for PP1R000140
Failed to scrape sku:PP1R000141: Could not open product card for PP1R000141
Failed to scrape sku:PP1R100001: Could not open product card for PP1R100001
Failed to scrape sku:PP0H0A045: Could not open product card for PP0H0A045
Failed to scrape sku:PP0H0A048: Could not open product card for PP0H0A048
Failed to scrape sku:PP0H0A103: Could not open product card for PP0H0A103
Failed to scrape sku:PP0H0A051: Could not open product card for PP0H0A051
Failed to scrape sku:PP0H0A101: Could not open product card for PP0H0A101
Failed to scrape sku:PP0H0A104: Could not open product card for PP0H0A104
Failed to scrape sku:PP0H0A042: Could not open product card for PP0H0A042
Failed to scrape sku:PP0H0A049: Could not open product card for PP0H0A049
Failed to scrape sku:PP0H0A0063: Could not open product card for PP0H0A0063
Critical error in scrape_profuomo: Could not locate Profuomo login form fields
Critical error in scrape_profuomo: Could not locate Profuomo login form fields
Critical error in scrape_profuomo: Could not locate Profuomo login form fields
Failed to scrape sku:PP2V00003A: Could not open product card for PP2V00003A
Failed to scrape sku:PP5BA0005A: Could not open product card for PP5BA0005A
Failed to scrape sku:PP5BA0005B: Could not open product card for PP5BA0005B
Failed to scrape sku:PP1L00001C: Could not open product card for PP1L00001C
Failed to scrape sku:PP1R000140: Could not open product card for PP1R000140
Failed to scrape sku:PP1R000141: Could not open product card for PP1R000141
Failed to scrape sku:PP1R100001: Could not open product card for PP1R100001
Failed to scrape sku:PP0H0A049: Could not open product card for PP0H0A049
Failed to scrape sku:PP5BA0005B: Could not open product card for PP5BA0005B
Failed to scrape sku:PP5BA0005A: Could not open product card for PP5BA0005A
Failed to scrape sku:PP0H0A053: Could not open product card for PP0H0A053
Failed to scrape sku:PP1R00024: Could not open product card for PP1R00024
Failed to scrape sku:PP0H0A048: Could not open product card for PP0H0A048
Failed to scrape sku:PP2V00003A: Could not open product card for PP2V00003A
Failed to scrape sku:PP1R000130: Could not open product card for PP1R000130
Failed to scrape sku:PP0H0A042: Could not open product card for PP0H0A042
Failed to scrape sku:PP0H0A101: Could not open product card for PP0H0A101
Failed to scrape sku:PP2Z00007B: Could not open product card for PP2Z00007B
Failed to scrape sku:PP1R100001: Could not open product card for PP1R100001
Failed to scrape sku:PP0H0A104: Could not open product card for PP0H0A104
Failed to scrape sku:PP2Z00007E: Could not open product card for PP2Z00007E
Failed to scrape sku:PP1R000140: Could not open product card for PP1R000140
Failed to scrape sku:PP2J00003B: Could not open product card for PP2J00003B
Failed to scrape sku:PP0H0A051: Could not open product card for PP0H0A051
Failed to scrape sku:PP0Q0C0100: Could not open product card for PP0Q0C0100
Failed to scrape sku:PP0Q0C0102: Could not open product card for PP0Q0C0102
Failed to scrape sku:PP3R00003: Could not open product card for PP3R00003
Failed to scrape sku:PP2J00003C: Could not open product card for PP2J00003C
Failed to scrape sku:PP2J00006C: Could not open product card for PP2J00006C
Failed to scrape sku:PP0H0A0063: Could not open product card for PP0H0A0063
Failed to scrape sku:PP0H0A045: Could not open product card for PP0H0A045
Failed to scrape sku:PP0H0A103: Could not open product card for PP0H0A103
Failed to scrape sku:PP0H0A049: Could not open product card for PP0H0A049
Failed to scrape sku:PP5BA0005B: Could not open product card for PP5BA0005B
Failed to scrape sku:PP5BA0005A: Could not open product card for PP5BA0005A
Failed to scrape sku:PP0H0A053: Could not open product card for PP0H0A053
Failed to scrape sku:PP1R00024: Could not open product card for PP1R00024
Failed to scrape sku:PP0H0A048: Could not open product card for PP0H0A048
Failed to scrape sku:PP2V00003A: Could not open product card for PP2V00003A
Failed to scrape sku:PP1R000130: Could not open product card for PP1R000130
Failed to scrape sku:PP0H0A042: Could not open product card for PP0H0A042
Failed to scrape sku:PP0H0A101: Could not open product card for PP0H0A101
Failed to scrape sku:PP2Z00007B: Could not open product card for PP2Z00007B
Failed to scrape sku:PP1R100001: Could not open product card for PP1R100001
Failed to scrape sku:PP0H0A104: Could not open product card for PP0H0A104
Failed to scrape sku:PP2Z00007E: Could not open product card for PP2Z00007E
Failed to scrape sku:PP1R000140: Could not open product card for PP1R000140
Failed to scrape sku:PP2J00003B: Could not open product card for PP2J00003B
Failed to scrape sku:PP0H0A051: Could not open product card for PP0H0A051
Failed to scrape sku:PP0Q0C0100: Could not open product card for PP0Q0C0100
Failed to scrape sku:PP0Q0C0102: Could not open product card for PP0Q0C0102
Failed to scrape sku:PP3R00003: Could not open product card for PP3R00003
Failed to scrape sku:PP2J00003C: Could not open product card for PP2J00003C
Failed to scrape sku:PP2J00006C: Could not open product card for PP2J00006C
Failed to scrape sku:PP0H0A0063: Could not open product card for PP0H0A0063
Failed to scrape sku:PP0H0A045: Could not open product card for PP0H0A045
Failed to scrape sku:PP0H0A103: Could not open product card for PP0H0A103
Failed to scrape sku:PP0H0A049: Could not open product card for PP0H0A049
Failed to scrape sku:PP5BA0005B: Could not open product card for PP5BA0005B
Failed to scrape sku:PP5BA0005A: Could not open product card for PP5BA0005A
Failed to scrape sku:PP0H0A053: Could not open product card for PP0H0A053
Failed to scrape sku:PP1R00024: Could not open product card for PP1R00024
Failed to scrape sku:PP0H0A048: Could not open product card for PP0H0A048
Failed to scrape sku:PP2V00003A: Could not open product card for PP2V00003A
Failed to scrape sku:PP1R000130: Could not open product card for PP1R000130
Failed to scrape sku:PP0H0A042: Could not open product card for PP0H0A042
Failed to scrape sku:PP0H0A101: Could not open product card for PP0H0A101
Failed to scrape sku:PP2Z00007B: Could not open product card for PP2Z00007B
Failed to scrape sku:PP1R100001: Could not open product card for PP1R100001
Failed to scrape sku:PP0H0A104: Could not open product card for PP0H0A104
Failed to scrape sku:PP2Z00007E: Could not open product card for PP2Z00007E
Failed to scrape sku:PP1R000140: Could not open product card for PP1R000140
Failed to scrape sku:PP2J00003B: Could not open product card for PP2J00003B
Failed to scrape sku:PP0H0A051: Could not open product card for PP0H0A051
Failed to scrape sku:PP0Q0C0100: Could not open product card for PP0Q0C0100
Failed to scrape sku:PP0Q0C0102: Could not open product card for PP0Q0C0102
Failed to scrape sku:PP3R00003: Could not open product card for PP3R00003
Failed to scrape sku:PP2J00003C: Could not open product card for PP2J00003C
Failed to scrape sku:PP2J00006C: Could not open product card for PP2J00006C
Failed to scrape sku:PP0H0A0063: Could not open product card for PP0H0A0063
Failed to scrape sku:PP0H0A045: Could not open product card for PP0H0A045
Failed to scrape sku:PP0H0A103: Could not open product card for PP0H0A103
Failed to scrape sku:PP0H0A049: Could not open product card for PP0H0A049
Failed to scrape sku:PP5BA0005B: Could not open product card for PP5BA0005B
Failed to scrape sku:PP5BA0005A: Could not open product card for PP5BA0005A
Failed to scrape sku:PP0H0A053: Could not open product card for PP0H0A053
Failed to scrape sku:PP1R00024: Could not open product card for PP1R00024
Failed to scrape sku:PP0H0A048: Could not open product card for PP0H0A048
Failed to scrape sku:PP2V00003A: Could not open product card for PP2V00003A
Failed to scrape sku:PP1R000130: Could not open product card for PP1R000130
Failed to scrape sku:PP0H0A042: Could not open product card for PP0H0A042
Failed to scrape sku:PP0H0A101: Could not open product card for PP0H0A101
Failed to scrape sku:PP2Z00007B: Could not open product card for PP2Z00007B
Failed to scrape sku:PP1R100001: Could not open product card for PP1R100001
Failed to scrape sku:PP0H0A104: Could not open product card for PP0H0A104
Failed to scrape sku:PP2Z00007E: Could not open product card for PP2Z00007E
Failed to scrape sku:PP1R000140: Could not open product card for PP1R000140
Failed to scrape sku:PP2J00003B: Could not open product card for PP2J00003B
Failed to scrape sku:PP0H0A051: Could not open product card for PP0H0A051
Failed to scrape sku:PP0Q0C0100: Could not open product card for PP0Q0C0100
Failed to scrape sku:PP0Q0C0102: Could not open product card for PP0Q0C0102
Failed to scrape sku:PP3R00003: Could not open product card for PP3R00003
Failed to scrape sku:PP2J00003C: Could not open product card for PP2J00003C
Failed to scrape sku:PP2J00006C: Could not open product card for PP2J00006C
Failed to scrape sku:PP0H0A0063: Could not open product card for PP0H0A0063
Failed to scrape sku:PP0H0A045: Could not open product card for PP0H0A045
Failed to scrape sku:PP0H0A103: Could not open product card for PP0H0A103
Failed to scrape sku:PP0H0A049: Could not open product card for PP0H0A049
Failed to scrape sku:PP5BA0005B: Could not open product card for PP5BA0005B
Failed to scrape sku:PP5BA0005A: Could not open product card for PP5BA0005A
Failed to scrape sku:PP0H0A053: Could not open product card for PP0H0A053
Failed to scrape sku:PP1R00024: Could not open product card for PP1R00024
Failed to scrape sku:PP0H0A048: Could not open product card for PP0H0A048
Failed to scrape sku:PP2V00003A: Could not open product card for PP2V00003A
Failed to scrape sku:PP1R000130: Could not open product card for PP1R000130
Failed to scrape sku:PP0H0A042: Could not open product card for PP0H0A042
Failed to scrape sku:PP0H0A101: Could not open product card for PP0H0A101
Failed to scrape sku:PP2Z00007B: Could not open product card for PP2Z00007B
Failed to scrape sku:PP1R100001: Could not open product card for PP1R100001
Failed to scrape sku:PP0H0A104: Could not open product card for PP0H0A104
Failed to scrape sku:PP2Z00007E: Could not open product card for PP2Z00007E
Failed to scrape sku:PP1R000140: Could not open product card for PP1R000140
Failed to scrape sku:PP2J00003B: Could not open product card for PP2J00003B
Failed to scrape sku:PP0H0A051: Could not open product card for PP0H0A051
Failed to scrape sku:PP0Q0C0100: Could not open product card for PP0Q0C0100
Failed to scrape sku:PP3R00003: Could not open product card for PP3R00003
Failed to scrape sku:PP2J00003C: Could not open product card for PP2J00003C
Failed to scrape sku:PP2J00006C: Could not open product card for PP2J00006C
Failed to scrape sku:PP0H0A0063: Could not open product card for PP0H0A0063
Failed to scrape sku:PP0H0A045: Could not open product card for PP0H0A045
Failed to scrape sku:PP0H0A103: Could not open product card for PP0H0A103
Failed to scrape sku:PP0H0A049: Could not open product card for PP0H0A049
Failed to scrape sku:PP5BA0005B: Could not open product card for PP5BA0005B
Failed to scrape sku:PP5BA0005A: Could not open product card for PP5BA0005A
Failed to scrape sku:PP0H0A053: Could not open product card for PP0H0A053
Failed to scrape sku:PP1R00024: Could not open product card for PP1R00024
Failed to scrape sku:PP0H0A048: Could not open product card for PP0H0A048
Failed to scrape sku:PP2V00003A: Could not open product card for PP2V00003A
Failed to scrape sku:PP1R000130: Could not open product card for PP1R000130
Failed to scrape sku:PP0H0A042: Could not open product card for PP0H0A042
Failed to scrape sku:PP0H0A101: Could not open product card for PP0H0A101
Failed to scrape sku:PP2Z00007B: Could not open product card for PP2Z00007B
Failed to scrape sku:PP1R100001: Could not open product card for PP1R100001
Failed to scrape sku:PP0H0A104: Could not open product card for PP0H0A104
Failed to scrape sku:PP2Z00007E: Could not open product card for PP2Z00007E
Failed to scrape sku:PP1R000140: Could not open product card for PP1R000140
Failed to scrape sku:PP2J00003B: Could not open product card for PP2J00003B
Failed to scrape sku:PP0H0A051: Could not open product card for PP0H0A051
Failed to scrape sku:PP0Q0C0100: Could not open product card for PP0Q0C0100
Failed to scrape sku:PP3R00003: Could not open product card for PP3R00003
Failed to scrape sku:PP2J00003C: Could not open product card for PP2J00003C
Failed to scrape sku:PP2J00006C: Could not open product card for PP2J00006C
Failed to scrape sku:PP0H0A0063: Could not open product card for PP0H0A0063
Failed to scrape sku:PP0H0A045: Could not open product card for PP0H0A045
Failed to scrape sku:PP0H0A103: Could not open product card for PP0H0A103
Failed to scrape sku:PP0H0A049: Could not open product card for PP0H0A049
Failed to scrape sku:PP5BA0005B: Could not open product card for PP5BA0005B
Failed to scrape sku:PP5BA0005A: Could not open product card for PP5BA0005A
Failed to scrape sku:PP0H0A053: Could not open product card for PP0H0A053
Failed to scrape sku:PP1R00024: Could not open product card for PP1R00024
Failed to scrape sku:PP0H0A048: Could not open product card for PP0H0A048
Failed to scrape sku:PP2V00003A: Could not open product card for PP2V00003A
Failed to scrape sku:PP1R000130: Could not open product card for PP1R000130
Failed to scrape sku:PP0H0A042: Could not open product card for PP0H0A042
Failed to scrape sku:PP0H0A101: Could not open product card for PP0H0A101
Failed to scrape sku:PP1R100001: Could not open product card for PP1R100001
Failed to scrape sku:PP0H0A104: Could not open product card for PP0H0A104
Failed to scrape sku:PP2Z00007E: Could not open product card for PP2Z00007E
Failed to scrape sku:PP1R000140: Could not open product card for PP1R000140
Failed to scrape sku:PP2J00003B: Could not open product card for PP2J00003B
Failed to scrape sku:PP0H0A051: Could not open product card for PP0H0A051
Failed to scrape sku:PP0Q0C0100: Could not open product card for PP0Q0C0100
Failed to scrape sku:PP3R00003: Could not open product card for PP3R00003
Failed to scrape sku:PP2J00003C: Could not open product card for PP2J00003C
Failed to scrape sku:PP2J00006C: Could not open product card for PP2J00006C
Failed to scrape sku:PP0H0A0063: Could not open product card for PP0H0A0063
Failed to scrape sku:PP0H0A045: Could not open product card for PP0H0A045
Failed to scrape sku:PP0H0A103: Could not open product card for PP0H0A103
Failed to scrape sku:PP0H0A049: Could not open product card for PP0H0A049
Failed to scrape sku:PP5BA0005B: Could not open product card for PP5BA0005B
Failed to scrape sku:PP5BA0005A: Could not open product card for PP5BA0005A
Failed to scrape sku:PP0H0A053: Could not open product card for PP0H0A053
Failed to scrape sku:PP1R00024: Could not open product card for PP1R00024
Failed to scrape sku:PP0H0A048: Could not open product card for PP0H0A048
Failed to scrape sku:PP2V00003A: Could not open product card for PP2V00003A
Failed to scrape sku:PP1R000130: Could not open product card for PP1R000130
Failed to scrape sku:PP0H0A042: Could not open product card for PP0H0A042
Failed to scrape sku:PP0H0A101: Could not open product card for PP0H0A101
Failed to scrape sku:PP1R100001: Could not open product card for PP1R100001
Failed to scrape sku:PP0H0A104: Could not open product card for PP0H0A104
Failed to scrape sku:PP1R000140: Could not open product card for PP1R000140
Failed to scrape sku:PP2J00003B: Could not open product card for PP2J00003B
Failed to scrape sku:PP0H0A051: Could not open product card for PP0H0A051
Failed to scrape sku:PP0Q0C0100: Could not open product card for PP0Q0C0100
Failed to scrape sku:PP3R00003: Could not open product card for PP3R00003
Failed to scrape sku:PP2J00003C: Could not open product card for PP2J00003C
Failed to scrape sku:PP2J00006C: Could not open product card for PP2J00006C
Failed to scrape sku:PP0H0A0063: Could not open product card for PP0H0A0063
Failed to scrape sku:PP0H0A045: Could not open product card for PP0H0A045
Failed to scrape sku:PP0H0A103: Could not open product card for PP0H0A103
Failed to scrape sku:PP0H0A049: Could not open product card for PP0H0A049
Critical error in scrape_profuomo: Could not locate Profuomo login form fields
Critical error in scrape_profuomo: Could not locate Profuomo login form fields
Critical error in scrape_profuomo: Could not locate Profuomo login form fields
Failed to scrape sku:PP5BA0005B: Could not open product card for PP5BA0005B
Failed to scrape sku:PP5BA0005A: Could not open product card for PP5BA0005A
Failed to scrape sku:PP0H0A053: Could not open product card for PP0H0A053
Failed to scrape sku:PP1R00024: Could not open product card for PP1R00024
Failed to scrape sku:PP0H0A048: Could not open product card for PP0H0A048
Failed to scrape sku:PP2V00003A: Could not open product card for PP2V00003A
Failed to scrape sku:PP1R000130: Could not open product card for PP1R000130
Failed to scrape sku:PP0H0A042: Could not open product card for PP0H0A042
Failed to scrape sku:PP1R100001: Could not open product card for PP1R100001
Failed to scrape sku:PP0H0A104: Could not open product card for PP0H0A104
Failed to scrape sku:PP1R000140: Could not open product card for PP1R000140
Failed to scrape sku:PP2J00003B: Could not open product card for PP2J00003B
Failed to scrape sku:PP0H0A051: Could not open product card for PP0H0A051
Failed to scrape sku:PP0Q0C0100: Could not open product card for PP0Q0C0100
Failed to scrape sku:PP3R00003: Could not open product card for PP3R00003
Failed to scrape sku:PP2J00003C: Could not open product card for PP2J00003C
Failed to scrape sku:PP2J00006C: Could not open product card for PP2J00006C
Failed to scrape sku:PP0H0A0063: Could not open product card for PP0H0A0063
Failed to scrape sku:PP0H0A045: Could not open product card for PP0H0A045
Failed to scrape sku:PP0H0A049: Could not open product card for PP0H0A049
Failed to scrape sku:PP5BA0005B: Could not open product card for PP5BA0005B
Failed to scrape sku:PP5BA0005A: Could not open product card for PP5BA0005A
Failed to scrape sku:PP0H0A053: Could not open product card for PP0H0A053
Failed to scrape sku:PP1R00024: Could not open product card for PP1R00024
Failed to scrape sku:PP0H0A048: Could not open product card for PP0H0A048
Failed to scrape sku:PP2V00003A: Could not open product card for PP2V00003A
Failed to scrape sku:PP1R000130: Could not open product card for PP1R000130
Failed to scrape sku:PP0H0A042: Could not open product card for PP0H0A042
Failed to scrape sku:PP1R100001: Could not open product card for PP1R100001
Failed to scrape sku:PP0H0A104: Could not open product card for PP0H0A104
Failed to scrape sku:PP1R000140: Could not open product card for PP1R000140
Failed to scrape sku:PP2J00003B: Could not open product card for PP2J00003B
Failed to scrape sku:PP0H0A051: Could not open product card for PP0H0A051
Failed to scrape sku:PP0Q0C0100: Could not open product card for PP0Q0C0100
Failed to scrape sku:PP3R00003: Could not open product card for PP3R00003
Failed to scrape sku:PP2J00003C: Could not open product card for PP2J00003C
Failed to scrape sku:PP2J00006C: Could not open product card for PP2J00006C
Failed to scrape sku:PP0H0A0063: Could not open product card for PP0H0A0063
Failed to scrape sku:PP0H0A045: Could not open product card for PP0H0A045
Failed to scrape sku:PP0H0A049: Could not open product card for PP0H0A049
Failed to scrape sku:PP5BA0005B: Could not open product card for PP5BA0005B
Failed to scrape sku:PP5BA0005A: Could not open product card for PP5BA0005A
Failed to scrape sku:PP0H0A053: Could not open product card for PP0H0A053
Failed to scrape sku:PP1R00024: Could not open product card for PP1R00024
Failed to scrape sku:PP0H0A048: Could not open product card for PP0H0A048
Failed to scrape sku:PP2V00003A: Could not open product card for PP2V00003A
Failed to scrape sku:PP1R000130: Could not open product card for PP1R000130
Failed to scrape sku:PP0H0A042: Could not open product card for PP0H0A042
Failed to scrape sku:PP1R100001: Could not open product card for PP1R100001
Failed to scrape sku:PP0H0A104: Could not open product card for PP0H0A104
Failed to scrape sku:PP1R000140: Could not open product card for PP1R000140
Failed to scrape sku:PP2J00003B: Could not open product card for PP2J00003B
Failed to scrape sku:PP0H0A051: Could not open product card for PP0H0A051
Failed to scrape sku:PP0Q0C0100: Could not open product card for PP0Q0C0100
Failed to scrape sku:PP3R00003: Could not open product card for PP3R00003
Failed to scrape sku:PP2J00003C: Could not open product card for PP2J00003C
Failed to scrape sku:PP2J00006C: Could not open product card for PP2J00006C
Failed to scrape sku:PP0H0A0063: Could not open product card for PP0H0A0063
Failed to scrape sku:PP0H0A045: Could not open product card for PP0H0A045
Failed to scrape sku:PP0H0A049: Could not open product card for PP0H0A049
Failed to scrape sku:PP5BA0005B: Could not open product card for PP5BA0005B
Failed to scrape sku:PP5BA0005A: Could not open product card for PP5BA0005A
Failed to scrape sku:PP0H0A053: Could not open product card for PP0H0A053
Failed to scrape sku:PP1R00024: Could not open product card for PP1R00024
Failed to scrape sku:PP0H0A048: Could not open product card for PP0H0A048
Failed to scrape sku:PP2V00003A: Could not open product card for PP2V00003A
Failed to scrape sku:PP1R000130: Could not open product card for PP1R000130
Failed to scrape sku:PP0H0A042: Could not open product card for PP0H0A042
Failed to scrape sku:PP1R100001: Could not open product card for PP1R100001
Failed to scrape sku:PP0H0A104: Could not open product card for PP0H0A104
Failed to scrape sku:PP1R000140: Could not open product card for PP1R000140
Failed to scrape sku:PP2J00003B: Could not open product card for PP2J00003B
Failed to scrape sku:PP0H0A051: Could not open product card for PP0H0A051
Failed to scrape sku:PP0Q0C0100: Could not open product card for PP0Q0C0100
Failed to scrape sku:PP3R00003: Could not open product card for PP3R00003
Failed to scrape sku:PP2J00003C: Could not open product card for PP2J00003C
Failed to scrape sku:PP2J00006C: Could not open product card for PP2J00006C
Failed to scrape sku:PP0H0A0063: Could not open product card for PP0H0A0063
Failed to scrape sku:PP0H0A045: Could not open product card for PP0H0A045
Failed to scrape sku:PP0H0A049: Could not open product card for PP0H0A049
Failed to scrape sku:PP5BA0005B: Could not open product card for PP5BA0005B
Failed to scrape sku:PP5BA0005A: Could not open product card for PP5BA0005A
Failed to scrape sku:PP0H0A053: Could not open product card for PP0H0A053
Failed to scrape sku:PP1R00024: Could not open product card for PP1R00024
Failed to scrape sku:PP0H0A048: Could not open product card for PP0H0A048
Failed to scrape sku:PP2V00003A: Could not open product card for PP2V00003A
Failed to scrape sku:PP1R000130: Could not open product card for PP1R000130
Failed to scrape sku:PP0H0A042: Could not open product card for PP0H0A042
Failed to scrape sku:PP1R100001: Could not open product card for PP1R100001
Failed to scrape sku:PP0H0A104: Could not open product card for PP0H0A104
Failed to scrape sku:PP1R000140: Could not open product card for PP1R000140
Failed to scrape sku:PP2J00003B: Could not open product card for PP2J00003B
Failed to scrape sku:PP0H0A051: Could not open product card for PP0H0A051
Failed to scrape sku:PP0Q0C0100: Could not open product card for PP0Q0C0100
Failed to scrape sku:PP3R00003: Could not open product card for PP3R00003
Failed to scrape sku:PP2J00003C: Could not open product card for PP2J00003C
Failed to scrape sku:PP2J00006C: Could not open product card for PP2J00006C
Failed to scrape sku:PP0H0A0063: Could not open product card for PP0H0A0063
Failed to scrape sku:PP0H0A045: Could not open product card for PP0H0A045
Failed to scrape sku:PP0H0A049: Could not open product card for PP0H0A049
Failed to scrape sku:PP5BA0005B: Could not open product card for PP5BA0005B
Failed to scrape sku:PP5BA0005A: Could not open product card for PP5BA0005A
Failed to scrape sku:PP0H0A053: Could not open product card for PP0H0A053
Failed to scrape sku:PP1R00024: Could not open product card for PP1R00024
Failed to scrape sku:PP0H0A048: Could not open product card for PP0H0A048
Failed to scrape sku:PP2V00003A: Could not open product card for PP2V00003A
Failed to scrape sku:PP1R000130: Could not open product card for PP1R000130
Failed to scrape sku:PP0H0A042: Could not open product card for PP0H0A042
Failed to scrape sku:PP1R100001: Could not open product card for PP1R100001
Failed to scrape sku:PP0H0A104: Could not open product card for PP0H0A104
Failed to scrape sku:PP1R000140: Could not open product card for PP1R000140
Failed to scrape sku:PP2J00003B: Could not open product card for PP2J00003B
Failed to scrape sku:PP0H0A051: Could not open product card for PP0H0A051
Failed to scrape sku:PP0Q0C0100: Could not open product card for PP0Q0C0100
Failed to scrape sku:PP3R00003: Could not open product card for PP3R00003
Failed to scrape sku:PP2J00003C: Could not open product card for PP2J00003C
Failed to scrape sku:PP2J00006C: Could not open product card for PP2J00006C
Failed to scrape sku:PP0H0A0063: Could not open product card for PP0H0A0063
Failed to scrape sku:PP0H0A045: Could not open product card for PP0H0A045
Failed to scrape sku:PP0H0A049: Could not open product card for PP0H0A049
Failed to scrape sku:PP5BA0005B: Could not open product card for PP5BA0005B
Failed to scrape sku:PP5BA0005A: Could not open product card for PP5BA0005A
Failed to scrape sku:PP0H0A053: Could not open product card for PP0H0A053
Failed to scrape sku:PP1R00024: Could not open product card for PP1R00024
Failed to scrape sku:PP0H0A048: Could not open product card for PP0H0A048
Failed to scrape sku:PP2V00003A: Could not open product card for PP2V00003A
Failed to scrape sku:PP1R000130: Could not open product card for PP1R000130
Failed to scrape sku:PP0H0A042: Could not open product card for PP0H0A042
Failed to scrape sku:PP1R100001: Could not open product card for PP1R100001
Failed to scrape sku:PP0H0A104: Could not open product card for PP0H0A104
Failed to scrape sku:PP1R000140: Could not open product card for PP1R000140
Failed to scrape sku:PP2J00003B: Could not open product card for PP2J00003B
Failed to scrape sku:PP0H0A051: Could not open product card for PP0H0A051
Failed to scrape sku:PP0Q0C0100: Could not open product card for PP0Q0C0100
Failed to scrape sku:PP3R00003: Could not open product card for PP3R00003
Failed to scrape sku:PP2J00003C: Could not open product card for PP2J00003C
Failed to scrape sku:PP2J00006C: Could not open product card for PP2J00006C
Failed to scrape sku:PP0H0A0063: Could not open product card for PP0H0A0063
Failed to scrape sku:PP0H0A045: Could not open product card for PP0H0A045
Critical error in scrape_profuomo: Could not locate Profuomo login form fields
Critical error in scrape_profuomo: Could not locate Profuomo login form fields
Critical error in scrape_profuomo: Could not locate Profuomo login form fields
Failed to scrape sku:PP5BA0005B: Could not open product card for PP5BA0005B
Failed to scrape sku:PP5BA0005A: Could not open product card for PP5BA0005A
Failed to scrape sku:PP0H0A053: Could not open product card for PP0H0A053
Failed to scrape sku:PP1R00024: Could not open product card for PP1R00024
Failed to scrape sku:PP0H0A048: Could not open product card for PP0H0A048
Failed to scrape sku:PP2V00003A: Could not open product card for PP2V00003A
Failed to scrape sku:PP1R000130: Could not open product card for PP1R000130
Failed to scrape sku:PP0H0A042: Could not open product card for PP0H0A042
Failed to scrape sku:PP1R100001: Could not open product card for PP1R100001
Failed to scrape sku:PP0H0A104: Could not open product card for PP0H0A104
Failed to scrape sku:PP1R000140: Could not open product card for PP1R000140
Failed to scrape sku:PP2J00003B: Could not open product card for PP2J00003B
Failed to scrape sku:PP0H0A051: Could not open product card for PP0H0A051
Failed to scrape sku:PP0Q0C0100: Could not open product card for PP0Q0C0100
Failed to scrape sku:PP3R00003: Could not open product card for PP3R00003
Failed to scrape sku:PP2J00003C: Could not open product card for PP2J00003C
Failed to scrape sku:PP2J00006C: Could not open product card for PP2J00006C
Failed to scrape sku:PP0H0A0063: Could not open product card for PP0H0A0063
Failed to scrape sku:PP0H0A045: Could not open product card for PP0H0A045
Failed to scrape sku:PP0H0A049: Could not open product card for PP0H0A049
Failed to scrape sku:PP5BA0005B: Could not open product card for PP5BA0005B
Failed to scrape sku:PP5BA0005A: Could not open product card for PP5BA0005A
Failed to scrape sku:PP0H0A053: Could not open product card for PP0H0A053
Failed to scrape sku:PP1R00024: Could not open product card for PP1R00024
Failed to scrape sku:PP0H0A048: Could not open product card for PP0H0A048
Failed to scrape sku:PP2V00003A: Could not open product card for PP2V00003A
Failed to scrape sku:PP1R000130: Could not open product card for PP1R000130
Failed to scrape sku:PP0H0A042: Could not open product card for PP0H0A042
Failed to scrape sku:PP1R100001: Could not open product card for PP1R100001
Failed to scrape sku:PP0H0A104: Could not open product card for PP0H0A104
Failed to scrape sku:PP1R000140: Could not open product card for PP1R000140
Failed to scrape sku:PP2J00003B: Could not open product card for PP2J00003B
Failed to scrape sku:PP0H0A051: Could not open product card for PP0H0A051
Failed to scrape sku:PP0Q0C0100: Could not open product card for PP0Q0C0100
Failed to scrape sku:PP3R00003: Could not open product card for PP3R00003
Failed to scrape sku:PP2J00003C: Could not open product card for PP2J00003C
Failed to scrape sku:PP2J00006C: Could not open product card for PP2J00006C
Failed to scrape sku:PP0H0A0063: Could not open product card for PP0H0A0063
Failed to scrape sku:PP0H0A045: Could not open product card for PP0H0A045
Failed to scrape sku:PP0H0A049: Could not open product card for PP0H0A049
Failed to scrape sku:PP5BA0005B: Could not open product card for PP5BA0005B
Failed to scrape sku:PP5BA0005A: Could not open product card for PP5BA0005A
Failed to scrape sku:PP0H0A053: Could not open product card for PP0H0A053
Failed to scrape sku:PP1R00024: Could not open product card for PP1R00024
Failed to scrape sku:PP0H0A048: Could not open product card for PP0H0A048
Failed to scrape sku:PP2V00003A: Could not open product card for PP2V00003A
Failed to scrape sku:PP1R000130: Could not open product card for PP1R000130
Failed to scrape sku:PP0H0A042: Could not open product card for PP0H0A042
Failed to scrape sku:PP1R100001: Could not open product card for PP1R100001
Failed to scrape sku:PP0H0A104: Could not open product card for PP0H0A104
Failed to scrape sku:PP1R000140: Could not open product card for PP1R000140
Failed to scrape sku:PP2J00003B: Could not open product card for PP2J00003B
Failed to scrape sku:PP0H0A051: Could not open product card for PP0H0A051
Failed to scrape sku:PP0Q0C0100: Could not open product card for PP0Q0C0100
Failed to scrape sku:PP3R00003: Could not open product card for PP3R00003
Failed to scrape sku:PP2J00003C: Could not open product card for PP2J00003C
Failed to scrape sku:PP2J00006C: Could not open product card for PP2J00006C
Failed to scrape sku:PP0H0A0063: Could not open product card for PP0H0A0063
Failed to scrape sku:PP0H0A045: Could not open product card for PP0H0A045
Failed to scrape sku:PP0H0A049: Could not open product card for PP0H0A049
Failed to scrape sku:PP5BA0005B: Could not open product card for PP5BA0005B
Failed to scrape sku:PP5BA0005A: Could not open product card for PP5BA0005A
Failed to scrape sku:PP0H0A053: Could not open product card for PP0H0A053
Failed to scrape sku:PP1R00024: Could not open product card for PP1R00024
Failed to scrape sku:PP0H0A048: Could not open product card for PP0H0A048
Failed to scrape sku:PP2V00003A: Could not open product card for PP2V00003A
Failed to scrape sku:PP1R000130: Could not open product card for PP1R000130
Failed to scrape sku:PP0H0A042: Could not open product card for PP0H0A042
Failed to scrape sku:PP1R100001: Could not open product card for PP1R100001
Failed to scrape sku:PP0H0A104: Could not open product card for PP0H0A104
Failed to scrape sku:PP1R000140: Could not open product card for PP1R000140
Failed to scrape sku:PP2J00003B: Could not open product card for PP2J00003B
Failed to scrape sku:PP0H0A051: Could not open product card for PP0H0A051
Failed to scrape sku:PP0Q0C0100: Could not open product card for PP0Q0C0100
Failed to scrape sku:PP3R00003: Could not open product card for PP3R00003
Failed to scrape sku:PP2J00003C: Could not open product card for PP2J00003C
Failed to scrape sku:PP2J00006C: Could not open product card for PP2J00006C
Failed to scrape sku:PP0H0A0063: Could not open product card for PP0H0A0063
Failed to scrape sku:PP0H0A045: Could not open product card for PP0H0A045
Failed to scrape sku:PP0H0A049: Could not open product card for PP0H0A049
Failed to scrape sku:PP5BA0005B: Could not open product card for PP5BA0005B
Failed to scrape sku:PP5BA0005A: Could not open product card for PP5BA0005A
Failed to scrape sku:PP0H0A053: Could not open product card for PP0H0A053
Failed to scrape sku:PP1R00024: Could not open product card for PP1R00024
Failed to scrape sku:PP0H0A048: Could not open product card for PP0H0A048
Failed to scrape sku:PP2V00003A: Could not open product card for PP2V00003A
Failed to scrape sku:PP1R000130: Could not open product card for PP1R000130
Failed to scrape sku:PP0H0A042: Could not open product card for PP0H0A042
Failed to scrape sku:PP1R100001: Could not open product card for PP1R100001
Failed to scrape sku:PP0H0A104: Could not open product card for PP0H0A104
Failed to scrape sku:PP1R000140: Could not open product card for PP1R000140
Failed to scrape sku:PP2J00003B: Could not open product card for PP2J00003B
Failed to scrape sku:PP0H0A051: Could not open product card for PP0H0A051
Failed to scrape sku:PP0Q0C0100: Could not open product card for PP0Q0C0100
Failed to scrape sku:PP3R00003: Could not open product card for PP3R00003
Failed to scrape sku:PP2J00003C: Could not open product card for PP2J00003C
Failed to scrape sku:PP2J00006C: Could not open product card for PP2J00006C
Failed to scrape sku:PP0H0A0063: Could not open product card for PP0H0A0063
Failed to scrape sku:PP0H0A045: Could not open product card for PP0H0A045
Failed to scrape sku:PP0H0A049: Could not open product card for PP0H0A049
Failed to scrape sku:PP5BA0005B: Could not open product card for PP5BA0005B
Failed to scrape sku:PP5BA0005A: Could not open product card for PP5BA0005A
Failed to scrape sku:PP0H0A053: Could not open product card for PP0H0A053
Failed to scrape sku:PP1R00024: Could not open product card for PP1R00024
Failed to scrape sku:PP0H0A048: Could not open product card for PP0H0A048
Failed to scrape sku:PP2V00003A: Could not open product card for PP2V00003A
Failed to scrape sku:PP1R000130: Could not open product card for PP1R000130
Failed to scrape sku:PP0H0A042: Could not open product card for PP0H0A042
Failed to scrape sku:PP1R100001: Could not open product card for PP1R100001
Failed to scrape sku:PP0H0A104: Could not open product card for PP0H0A104
Failed to scrape sku:PP1R000140: Could not open product card for PP1R000140
Failed to scrape sku:PP2J00003B: Could not open product card for PP2J00003B
Failed to scrape sku:PP0H0A051: Could not open product card for PP0H0A051
Failed to scrape sku:PP0Q0C0100: Could not open product card for PP0Q0C0100
Failed to scrape sku:PP3R00003: Could not open product card for PP3R00003
Failed to scrape sku:PP2J00003C: Could not open product card for PP2J00003C
Failed to scrape sku:PP2J00006C: Could not open product card for PP2J00006C
Failed to scrape sku:PP0H0A0063: Could not open product card for PP0H0A0063
Failed to scrape sku:PP0H0A045: Could not open product card for PP0H0A045
