PPXH10010H
PPXD10006D
PPXH10006A
PPXJ10003G
PPXJ10002E
PPXF10001G
PPXF10016A
PP0H0A004
PP2H00003A
PP2J00010D
PP2J00010C
PP2J00010B
PP2J00010A
PP2J00009D
PP2J00009C
PP2J00009B
PP2J00009A
PP2J00008D
PP2J00008C
PP2J00008B
PP2J00008A
PP2J00001D
PP2J00001C
PP2J00007A
PP2J00007B
PP2J00007C
PPXJ10008C
PPXF10032B
PPXF10016A
PPXD10005A
PPXD10020B
PP2HC0007
PP2HC0013
PP2HC0011
PP2HC0006
PP2HC0014
PP2HC0038
PP2HC0001
002340-002
PP2HC0040
PP2HC0039
PP2J00007C
PP2J00007B
PP2J00007A
PP2J00001D
